zzzz.fff.ttt.x..
zzzz.fff.ttt...x..
zzzz.fff.aaaaa.ttt.x.
zzzz.fff.aaaaa.ttt..x..
zzzz.fff.ttt..x..
zzzz.fff.ttt.aaaaa..x..
zzzz.fff.ttt.aaaaa..aaaaa.x..
zzzz.fff.zzz.x..zzzz..
zzzz..fff.zzz.x..zzzz..
zzzz.aaaaa..fff.zzz.x..zzzz..
zzzz.aaaaa..aaaaa.fff.zzz.x..zzzz..
tttt.fff.ttt..ttt.x..
tttt..fff.ttt..ttt.x..
tttt.aaaaa..fff.ttt..ttt.x..
tttt.aaaaa..aaaaa.fff.ttt..ttt.x..
tttt.t..fff.ttt..ttt.x..
tttt.t...fff.ttt..ttt.x..
tttt.t..aaaaa..fff.ttt..ttt.x..
tttt.t..aaaaa..aaaaa.fff.ttt..ttt.x..
tttt..t.fff.ttt..ttt.x..
tttt..t.t..fff.ttt..ttt.x..
tttt.t..fff.zzz..t..ttt..ttt.x..
tttt.t..tttt..fff.zzz..t..ttt..ttt.x..
tttt.t...tttt..fff.zzz..t..ttt..ttt.x..
tttt.t..aaaaa..tttt..fff.zzz..t..ttt..ttt.x..
tttt.t..aaaaa..aaaaa.tttt..fff.zzz..t..ttt..ttt.x..
aaaaa.t.fff.ttt..ttt.x..
t.t....fff.ttt..ttt.x..
