zzzz.aaaaaaaa..t..t.x..zzz..zzz.x..
zzzz.t..aaaaaaaa..t..t.x..zzz..zzz.x..
zzzz.aaaaaaaa...t..t.x..zzz..zzz.x..
zzzz.aaaaaaaa...t..t.x..zzz..zzz.x..
zzzz.t..aaaaaaaa...t..t.x..zzz..zzz.x..
zzzz.aaaaaaaa.aaa.t..t.x..zzz..zzz.x..
zzzz.aaaaaaaa.aaa...t..t.x..zzz..zzz.x..
zzzz.aaaaaaaa.aaaaaa.t..t.x..zzz..zzz.x..
t.t.t..zzz...aaaaaaaa.aaa.t..t.x..zzz..zzz.x..
t.t..aaaaaaaa.aaaaaa...t..t.x..zzz..zzz.x..
aaaaaaaa..x..x..
aaaaaaaa.x..x..
