aaaaaaaa..aaaaaaaa.t..zzz.x..t.x.
aaaaa.t.
aaaaaaaa..aaaaaaaa..aaaaaaaa..ttt..tttttt..zzz..aaaaa.ttt..aaaaaaaa.t.
aaaaa.t.
aaaaaaaa..aaaaaaaa....tt..t....t..zzz....t.
aaaaa.t.
aaaaaaaa...
aaaaaa.t.zzz..t..ttttt.t......ttttt.zzz.........
aaaaaaaa...
t.fff..
aaaaaaaa...
t..t.fff..
aaaaaaaa...
t.t..fff..
