zzz.x.
zzz.aaaaa.x.
zzz..x.
zzz.aaaaa..x.
zzz..aaaaa.x.
zzz.aaaaa..aaaaa.x.
zzz.aaaaa..x.
zzz..aaaaa.x.
zzz.aaaaa..aaaaa.x.
t.x.
t.aaaaa.x.
t..x.
t.aaaaa..x.
t..aaaaa.x.
t.aaaaa..aaaaa.x.
t.aaaaa..x.
t..aaaaa.x.
t.aaaaa..aaaaa.x.
aaaa.x.
aaaa..x.
aaaa.aaaaa..x.
aaaa..aaaaa.x.
aaaa.aaaaa..aaaaa.x.
aaaa..x.
aaaa.aaaaa..x.
aaaa..aaaaa.x.
aaaa.aaaaa..aaaaa.x.
x...x.
aaaaaa.x...x.
x...x.
aaaaaa.x...x.
t.t..x.
t.t..aaaaa.x.
t.t...x.
t.t.aaaaa..x.
t.t...aaaaa.x.
t.t..aaaaa..aaaaa.x.
t.t...x.
t.t.aaaaa..x.
t.t...aaaaa.x.
t.t..aaaaa..aaaaa.x.
aaaaa.t.x.
aaaaa.aaaa.x.
t...x.
aaaa...x.
t.t....x.
