aaaaa.ttt....
aaaaaa.ttt....
aaaaa.ttt.
aaaaa.ttt...ttt....
aaaaa.ttt...aaaaaa.ttt....
aaaaa.ttt...aaaaaa.aaaaaaa.ttt....
aaaaa.ttt...ttt..tt..tt....
aaaaa.ttt...aaaaaa.ttt..aaaaaa.tt..aaaaaa.tt....
aaaaa.ttt...ttt..tt.aaaaaaaa.ttt.....ttt......tt..tt..tt..tt....
aaaaa.ttt...ttt.zzz..aaaaaaaa.x...x....tt..tt.tt...tt.c.....
aaaaa..
..xxx.
aaaa.aaaaa.ttt...x..x..x...
aaaaaa.t.aaaaa...t..
..zzzz.fff...aaaaaaaa.
..
aaaaa...tt..tttt..t....
aaaaa.tt..tttt.zzz...t....
aaaaa.tttt.t...t....
