zzz.x.
zzz...x.
zzz.aaaaa...x.
aaaaa.zzz.x.
aaaaa.zzz...x.

aaaa.x.
aaaa...x.
aaaa.aaaaa...x.
aaaaa.aaaa...x.
aaaa....x.
aaaa....x..x....xxxx.
aaaa.....x..x....xxxx.
aaaaa.aaaa....x..x....xxxx.

ttt.x.
ttt..x.
ttt..x.
xxx...x.
ttt.aaaaa...aaaaa.x.
ttt...aaaaa...x.
aaaaa.ttt.x.
aaaaa.ttt..x.
aaaaa.ttt...aaaaa.x.

ttt..x.
ttt..x.
xxx...x.
ttt.aaaaa...x.
aaaaa.ttt...x.

ttt...x.
ttt...x.
xxx....x.
ttt.aaaaa....x.
aaaaa.ttt....x.

ttt...
ttt.c..c..

aaaaa.ttt..tttttt.zzz...tttttttt.xx.

t.aaaaa.t..x.

ttt.xxx...
ttt..tttttt.zzz..xxx...

aaaaaa.ttt...
