xxx..aaaaaaaa.fff.zzz....
ttt.zzz..x.
ttt.ttt..x.
ttt.c..x.
ttt..ttt.zzz..x.
ttt..ttt.tt..x.
ttt..ttt.c..x.
fff.ttt..zzz..c..t..x..c..x..
ttt..fff.ttt..zzz..c..t..x..c..x..
ttt.t..ttt.t...ttt.t..t...x.
fff.t..ttt.t...ttt.t..t.....
fff.t..aaaaaaaa.x...x...t....
fff.aaaaaaaa.x...ttt.t......ttt.ttt.t.........

ttt..tttttttt.zzzz.ttttttttt...aaaaa.ttttttttt...aaaaaaaa.x.
........x...aaaaa.ttttttttt....xxxxxxx.

aaaaaaaa..aaaaaaaa.t..zzz.x..aaaaaaaa....tttt.
zzzz.fff...
